// Jest Snapshot v1, https://goo.gl/fbAQLP

exports[`matches user snapshot 1`] = `
User {
  "age": 42,
  "firstName": "Joey",
  "job": null,
  "lastName": "Spumoni",
}
`;
